// Jest Snapshot v1, https://goo.gl/fbAQLP

exports[`TopBarLoginElement component it matches the snapshot 1`] = `
<div
  className="nav-item"
>
  <a
    className="nav-link top-bar-element"
    href="/login"
    onClick={[Function]}
  />
</div>
`;
