// Jest Snapshot v1, https://goo.gl/fbAQLP

exports[`About component it matches the snapshot 1`] = `
<div
  className="container"
>
  <div
    className="justify-content-center row"
  >
    <div
      className="col"
    >
      <div
        className="home-slide-carousel carousel slide"
        direction={null}
        onKeyDown={[Function]}
        onMouseOut={[Function]}
        onMouseOver={[Function]}
      >
        <ol
          className="carousel-indicators"
        />
        <div
          className="carousel-inner"
        />
      </div>
    </div>
  </div>
</div>
`;
