// Jest Snapshot v1, https://goo.gl/fbAQLP

exports[`Projects component it matches the snapshot 1`] = `
<div>
  <div
    className="mx-4 my-3"
  >
    <p
      className="topic text-center"
    >
      Projects
    </p>
  </div>
  <div
    className="card-deck"
  />
</div>
`;
