// Jest Snapshot v1, https://goo.gl/fbAQLP

exports[`Technologies component it matches the snapshot 1`] = `
<div>
  <div
    className="mx-4 my-3"
  >
    <p
      className="topic text-center"
    >
      Technologies
    </p>
  </div>
  <div
    className="container"
  >
    <div
      className="justify-content-md-center row"
    />
  </div>
</div>
`;
